// Jest Snapshot v1, https://goo.gl/fbAQLP

exports[`stage matches snapshot 1`] = `
.c0 {
  text-align: center;
  padding: inherit;
}

.c1 {
  display: inline-block;
  background-color: "#88ff00";
  font-weight: 400;
  padding: 30px;
  border-radius: 20px;
}

.c4 {
  text-align: center;
  padding: 0 20px 0 20px;
}

.c8 {
  display: inline-block;
  font-size: 1rem;
  font-weight: bold;
  padding: 20px;
  border-radius: 20px;
  cursor: pointer;
  background-color: salmon;
}

.c8:hover {
  background-color: white;
}

.c10 {
  display: inline-block;
  font-size: 1rem;
  font-weight: bold;
  padding: 20px;
  border-radius: 20px;
  cursor: pointer;
  background-color: #f7943e;
}

.c10:hover {
  background-color: white;
}

.c2 {
  font-size: 20px;
  padding: 10px;
  border-radius: 5px;
}

.c2[type="checkbox"] {
  width: 30px;
  height: 30px;
}

.c7 {
  -webkit-transform: rotate(180deg);
  -ms-transform: rotate(180deg);
  transform: rotate(180deg);
}

.c6 {
  margin: auto;
  margin-top: 15px;
}

.c9 {
  margin: auto;
  margin-top: 15px;
  text-align: center;
}

.c3 {
  padding-left: "10px",  display:none;
}

.c11 {
  padding: 50px;
  background-color: #ffc107;
  border: 3px solid black;
}

.c5 {
  font-family: Helvetica,Arial,sans-serif;
  font-size: 19px;
  line-height: 1.5;
  margin: 0px;
  width: 85%;
  height: 263px;
  box-shadow: 1px 1px 1px #999;
  border: 1px solid #ccc;
  border-radius: 5px;
}

@media (max-width:400px) {
  .c8 {
    padding: 10px;
  }
}

@media (max-width:350px) {
  .c8 {
    padding: 5px;
  }
}

@media (max-width:400px) {
  .c10 {
    padding: 10px;
  }
}

@media (max-width:350px) {
  .c10 {
    padding: 5px;
  }
}

<div
  className="c0"
>
  <h2
    className="c1"
  >
    Your Staged Gallery
  </h2>
  <div
    className="c0"
  >
    <h3
      className="styles__H3-kZrHQh"
    >
      Gallery Name:
    </h3>
    <input
      className="c2"
      data-testid="titleInput"
      onChange={[Function]}
      placeholder="Name of your gallery here"
      value="title"
    />
     
    <span
      className="c3"
      data-testid="titleLenLimit"
    >
      5
      /
      100
    </span>
    <h3
      className="styles__H3-kZrHQh"
    >
      Gallery Description:
    </h3>
    <p
      className="c4"
    >
      You may use this default description, or change it to whatever you prefer.
    </p>
    <textarea
      className="c5"
      onChange={[Function]}
      value="description"
    />
    <h3
      className="styles__H3-kZrHQh"
    >
      Staged Goups
    </h3>
    <table
      className="c6"
    >
      <tbody>
        <tr>
          <td>
            <button
              className="c7"
              data-testid="sgToggleDropdown"
              onClick={[Function]}
            >
              â—€
            </button>
          </td>
          <td
            style={
              Object {
                "fontSize": "24px",
              }
            }
          />
          <td>
            <button
              className="c8"
              color="salmon"
              onClick={[Function]}
            >
              Unstage Group
            </button>
          </td>
        </tr>
      </tbody>
    </table>
    <table
      className="c9"
    >
      <tbody />
    </table>
  </div>
  <button
    className="c10 c11"
    data-testid="submit"
    onClick={[Function]}
  >
    <p
      className="c4"
    >
      Create Gallery
    </p>
    <p
      className="c4"
    >
      (Or, add another group by uploading another 
      <code>
        .csv
      </code>
       file.)
    </p>
  </button>
</div>
`;
