// Jest Snapshot v1, https://goo.gl/fbAQLP

exports[`stage matches snapshot 1`] = `
.c0 {
  text-align: center;
  padding: inherit;
}

.c2 {
  display: inline-block;
  background-color: "#88ff00";
  font-weight: 400;
  padding: 30px 0;
  border-radius: 20px;
}

.c5 {
  text-align: center;
  padding: 0 20px 0 20px;
}

.c9 {
  display: inline-block;
  margin: auto;
  font-size: 1rem;
  font-weight: bold;
  padding: 20px;
  border-radius: 20px;
  cursor: pointer;
  background-color: salmon;
}

.c9:hover {
  background-color: white;
}

.c9:disabled {
  background-color: #aaa;
}

.c11 {
  display: inline-block;
  margin: auto;
  font-size: 1rem;
  font-weight: bold;
  padding: 20px;
  border-radius: 20px;
  cursor: pointer;
  background-color: #f7943e;
}

.c11:hover {
  background-color: white;
}

.c11:disabled {
  background-color: #aaa;
}

.c3 {
  max-width: 100%;
  font-size: 20px;
  padding: 10px;
  border-radius: 5px;
}

.c3[type="checkbox"] {
  width: 30px;
  height: 30px;
}

.c6 {
  font-family: Helvetica,Arial,sans-serif;
  font-size: 19px;
  line-height: 1.5;
  margin: 0px;
  width: 80%;
  box-shadow: 1px 1px 1px #999;
  border: 1px solid #ccc;
  border-radius: 5px;
}

.c1 {
  display: inline-block;
  text-align: center;
  margin: 3vw;
  padding: 3vw;
  font-size: 18px;
  background: white;
  border-radius: 20px;
  box-shadow: 0px 3px 8px rgb(100,100,100);
}

.c8 {
  -webkit-transform: rotate(180deg);
  -ms-transform: rotate(180deg);
  transform: rotate(180deg);
}

.c7 {
  margin: auto;
  margin-top: 15px;
}

.c10 {
  margin: auto;
  margin-top: 15px;
  text-align: center;
}

.c4 {
  padding-left: "10px",  display:none;
}

.c12 {
  padding: 50px;
  background-color: #ffc107;
  border: 3px solid black;
}

@media (max-width:400px) {
  .c9 {
    padding: 10px;
  }
}

@media (max-width:350px) {
  .c9 {
    padding: 5px;
  }
}

@media (max-width:400px) {
  .c11 {
    padding: 10px;
  }
}

@media (max-width:350px) {
  .c11 {
    padding: 5px;
  }
}

@media (max-width:600px) {
  .c1 {
    font-size: 16px;
    line-height: 1.5rem;
  }
}

<div
  className="c0"
>
  <div
    className="c1"
  >
    <h2
      className="c2"
    >
      Your Staged Gallery
    </h2>
    <div
      className="c0"
    >
      <h3
        className="styles__H3-kZzEYv"
      >
        Gallery Name:
      </h3>
      <input
        className="c3"
        data-testid="titleInput"
        onChange={[Function]}
        placeholder="Name of your gallery here"
        value="title"
      />
       
      <span
        className="c4"
        data-testid="titleLenLimit"
      >
        5
        /
        100
      </span>
      <h3
        className="styles__H3-kZzEYv"
      >
        Gallery Description:
      </h3>
      <p
        className="c5"
      >
        You may use this default description, or change it to whatever you prefer.
      </p>
      <textarea
        className="c6"
        onChange={[Function]}
        value="description"
      />
      <h3
        className="styles__H3-kZzEYv"
      >
        Staged Goups
      </h3>
      <table
        className="c7"
      >
        <tbody>
          <tr>
            <td>
              <button
                className="c8"
                data-testid="sgToggleDropdown"
                onClick={[Function]}
              >
                â—€
              </button>
            </td>
            <td
              style={
                Object {
                  "fontSize": "24px",
                }
              }
            />
            <td>
              <button
                className="c9"
                color="salmon"
                onClick={[Function]}
              >
                Unstage Group
              </button>
            </td>
          </tr>
        </tbody>
      </table>
      <table
        className="c10"
      >
        <tbody />
      </table>
    </div>
    <button
      className="c11 c12"
      data-testid="submit"
      onClick={[Function]}
    >
      <p
        className="c5"
      >
        Create Gallery
      </p>
      <p
        className="c5"
      >
        (Or, add another group by uploading another 
        <code>
          .csv
        </code>
         file.)
      </p>
    </button>
  </div>
</div>
`;
