// Jest Snapshot v1, https://goo.gl/fbAQLP

exports[`<Signup /> matches snapshot 1`] = `
.c5 {
  text-align: center;
  padding: inherit;
}

.c9 {
  text-align: center;
  padding: 0 20px 0 20px;
  color: green;
}

.c10 {
  text-align: center;
  padding: 0 20px 0 20px;
}

.c12 {
  display: inline-block;
  margin: auto;
  font-size: 1rem;
  font-weight: bold;
  padding: 20px;
  border-radius: 20px;
  cursor: pointer;
  background-color: #f7943e;
}

.c12:hover {
  background-color: white;
}

.c6 {
  display: block;
  font-size: 1.17em;
  margin-block-start: 1em;
  margin-block-end: 1em;
  margin-inline-start: 0px;
  margin-inline-end: 0px;
  font-weight: bold;
}

.c7 {
  max-width: 100%;
  font-size: 20px;
  padding: 10px;
  border-radius: 5px;
}

.c7[type="checkbox"] {
  width: 30px;
  height: 30px;
}

.c2 {
  display: inline-block;
  text-align: center;
  margin: 3vw;
  padding: 3vw;
  font-size: 18px;
  background: white;
  border-radius: 20px;
  box-shadow: 0px 3px 8px rgb(100,100,100);
}

.c8 {
  list-style-type: none;
  background-color: #adff1626;
  border-radius: 20px;
  padding: 1em;
}

.c0 {
  width: 100%;
  text-align: center;
}

.c3 {
  max-width: 800px;
}

.c11 {
  position: relative;
  bottom: 8px;
}

.c1 {
  margin: 0rem;
  font-size: 60px;
}

.c4 {
  display: -webkit-box;
  display: -webkit-flex;
  display: -ms-flexbox;
  display: flex;
  -webkit-align-items: center;
  -webkit-box-align: center;
  -ms-flex-align: center;
  align-items: center;
  -webkit-box-pack: center;
  -webkit-justify-content: center;
  -ms-flex-pack: center;
  justify-content: center;
  -webkit-flex-wrap: wrap;
  -ms-flex-wrap: wrap;
  flex-wrap: wrap;
  gap: 3rem;
}

.c13 {
  margin-bottom: 1.5rem;
  font-size: 24px;
  height: auto;
  line-height: 40px;
  padding: 10px 5px 10px 5px;
  background-color: lightseagreen;
}

@media (max-width:400px) {
  .c12 {
    padding: 10px;
  }
}

@media (max-width:350px) {
  .c12 {
    padding: 5px;
  }
}

@media (max-width:600px) {
  .c2 {
    font-size: 16px;
    line-height: 1.5rem;
  }
}

<div
  className="c0"
>
  <h1
    className="c1"
  >
    sign up!
  </h1>
  <div
    className="c2 c3"
  >
    <form
      className="c4"
      data-testid="signupForm"
      onSubmit={[Function]}
    >
      <div
        className="c5"
      >
        <label
          className="c6"
          htmlFor="email"
        >
          Email
        </label>
        <input
          autoComplete="email"
          className="c7"
          data-testid="emailInput"
          id="email"
          onChange={[Function]}
        />
        <label
          className="c6"
          htmlFor="username"
        >
          Username
        </label>
        <input
          autoComplete="username"
          className="c7"
          data-testid="usernameInput"
          id="username"
          onChange={[Function]}
          style={null}
          value=""
        />
      </div>
      <div
        className="c5"
      >
        <label
          className="c6"
          htmlFor="password"
        >
          Password
        </label>
        <input
          autoComplete="new-password"
          className="c7"
          data-testid="passwordInput"
          id="password"
          onChange={[Function]}
          style={null}
          type="password"
          value=""
        />
        <label
          className="c6"
          htmlFor="confirm password"
        >
          Confirm Password
        </label>
        <input
          autoComplete="new-password"
          className="c7"
          data-testid="passwordConfirmInput"
          id="confirm password"
          onChange={[Function]}
          style={null}
          type="password"
          value=""
        />
      </div>
      <div
        className="c5"
      >
        <ul
          className="c8"
        >
          <li
            className="c9"
          >
            Username does not contain any spaces
          </li>
          <li
            className="c10"
          >
            Your password must be at least eight characters long
          </li>
        </ul>
        <p
          className="c10"
        >
          <span
            className="c11"
          >
            I agree to the 
            <span>
              TOS MOCK
            </span>
             and 
            <span>
              PRIVACY POLICY MOCK
            </span>
                
          </span>
          <input
            className="c7"
            data-testid="tosCheckbox"
            id="tos"
            onClick={[Function]}
            type="checkbox"
          />
        </p>
        <div
          className="c5"
        >
          <input
            className="c12 c13"
            type="submit"
            value="Sign Up"
          />
        </div>
        <div
          className="c5"
        >
          <a
            href="/login"
            onClick={[Function]}
          >
            <button
              className="c12"
            >
              Already have an account? Login here!
            </button>
          </a>
        </div>
      </div>
    </form>
  </div>
</div>
`;
