// Jest Snapshot v1, https://goo.gl/fbAQLP

exports[`matches snapshot 1`] = `
<div
  className="sc-hAZoDl bqzAQX"
>
  <div
    className="sc-jqUVSM dSqIwS"
  >
    <div
      className="sc-kDDrLX dnbpUA"
    >
      <span
        className="icon__Span-juvQUO eGHwUv"
      >
        üëç
      </span>
    </div>
    <div
      className="sc-iqcoie jHA-dOB"
    >
      <p
        className="sc-crXcEl lliYwk"
      >
        <b>
          Janice
        </b>
         reacted to 
        <b>
          's
        </b>
         song
      </p>
    </div>
    <svg
      className="song_preview__StyledPreview-jGffxc jfDAQW"
      viewBox="0 0 100 100"
    />
  </div>
  <div
    className="sc-jqUVSM dSqIwS"
  >
    <div
      className="sc-kDDrLX dnbpUA"
    >
      <span
        className="icon__Span-juvQUO eGHwUv"
      >
        ‚ù§Ô∏è
      </span>
    </div>
    <div
      className="sc-iqcoie jHA-dOB"
    >
      <p
        className="sc-crXcEl lliYwk"
      >
        <b>
          James
        </b>
         reacted to 
        <b>
          's
        </b>
         song
      </p>
    </div>
    <svg
      className="song_preview__StyledPreview-jGffxc jfDAQW"
      viewBox="0 0 100 100"
    />
  </div>
  <div
    className="sc-jqUVSM dSqIwS"
  >
    <div
      className="sc-kDDrLX dnbpUA"
    >
      <span
        className="icon__Span-juvQUO eGHwUv"
      >
        ‚≠êÔ∏è
      </span>
    </div>
    <div
      className="sc-iqcoie jHA-dOB"
    >
      <p
        className="sc-crXcEl lliYwk"
      >
        <b>
          Asaun
        </b>
         reacted to 
        <b>
          's
        </b>
         song
      </p>
    </div>
    <svg
      className="song_preview__StyledPreview-jGffxc jfDAQW"
      viewBox="0 0 100 100"
    />
  </div>
  <div
    className="sc-jqUVSM dSqIwS"
  >
    <div
      className="sc-kDDrLX dnbpUA"
    >
      <span
        className="icon__Span-juvQUO eGHwUv"
      >
        ‚úçÔ∏è
      </span>
    </div>
    <div
      className="sc-evZas gWqWBg"
    >
      <h4
        className="styles__H4-gfSgFZ sc-breuTD  JhHOh"
      >
        <b>
          Mike
        </b>
         commented on 
        <b>
          's
        </b>
         song
      </h4>
      <p
        className="sc-ksZaOG cUCHNB"
      >
        Wohoo! üòÅ üòÅ
      </p>
    </div>
    <svg
      className="song_preview__StyledPreview-jGffxc jfDAQW"
      viewBox="0 0 100 100"
    />
    <form
      className="sc-dkzDqf kgrqzD"
      onSubmit={[Function]}
    >
      <label
        className="sc-hKMtZM dMCDiZ"
        htmlFor="approve"
      >
        Approve Comment?
      </label>
      <input
        className="styles__Button-dxEaJz sc-eCYdqJ gOMLTl dcRZOa"
        id="approve"
        type="submit"
        value="Approve"
      />
    </form>
  </div>
  <div
    className="sc-jqUVSM dSqIwS"
  >
    <div
      className="sc-kDDrLX dnbpUA"
    >
      <span
        className="icon__Span-juvQUO eGHwUv"
      >
        ‚ù§Ô∏è
      </span>
    </div>
    <div
      className="sc-iqcoie jHA-dOB"
    >
      <p
        className="sc-crXcEl lliYwk"
      >
        <b>
          Janice
        </b>
         reacted to 
        <b>
          's
        </b>
         song
      </p>
    </div>
    <svg
      className="song_preview__StyledPreview-jGffxc jfDAQW"
      viewBox="0 0 100 100"
    />
  </div>
  <div
    className="sc-jqUVSM dSqIwS"
  >
    <div
      className="sc-kDDrLX dnbpUA"
    >
      <span
        className="icon__Span-juvQUO eGHwUv"
      >
        ‚úçÔ∏è
      </span>
    </div>
    <div
      className="sc-evZas gWqWBg"
    >
      <h4
        className="styles__H4-gfSgFZ sc-breuTD  JhHOh"
      >
        <b>
          Amir
        </b>
         commented on 
        <b>
          's
        </b>
         song
      </h4>
      <p
        className="sc-ksZaOG cUCHNB"
      >
        Good stuff my guy
      </p>
    </div>
    <svg
      className="song_preview__StyledPreview-jGffxc jfDAQW"
      viewBox="0 0 100 100"
    />
  </div>
  <div
    className="sc-jqUVSM dSqIwS"
  >
    <div
      className="sc-kDDrLX dnbpUA"
    >
      <span
        className="icon__Span-juvQUO eGHwUv"
      >
        ‚ù§Ô∏è
      </span>
    </div>
    <div
      className="sc-iqcoie jHA-dOB"
    >
      <p
        className="sc-crXcEl lliYwk"
      >
        <b>
          Janice
        </b>
         reacted to 
        <b>
          's
        </b>
         song
      </p>
    </div>
    <svg
      className="song_preview__StyledPreview-jGffxc jfDAQW"
      viewBox="0 0 100 100"
    />
  </div>
  <div
    className="sc-jqUVSM dSqIwS"
  >
    <div
      className="sc-kDDrLX dnbpUA"
    >
      <span
        className="icon__Span-juvQUO eGHwUv"
      >
        ‚úçÔ∏è
      </span>
    </div>
    <div
      className="sc-evZas gWqWBg"
    >
      <h4
        className="styles__H4-gfSgFZ sc-breuTD  JhHOh"
      >
        <b>
          Amir
        </b>
         commented on 
        <b>
          's
        </b>
         song
      </h4>
      <p
        className="sc-ksZaOG cUCHNB"
      >
        Good stuff my guy
      </p>
    </div>
    <svg
      className="song_preview__StyledPreview-jGffxc jfDAQW"
      viewBox="0 0 100 100"
    />
  </div>
  <div
    className="sc-jqUVSM dSqIwS"
  >
    <div
      className="sc-kDDrLX dnbpUA"
    >
      <span
        className="icon__Span-juvQUO eGHwUv"
      >
        ‚ù§Ô∏è
      </span>
    </div>
    <div
      className="sc-iqcoie jHA-dOB"
    >
      <p
        className="sc-crXcEl lliYwk"
      >
        <b>
          Janice
        </b>
         reacted to 
        <b>
          's
        </b>
         song
      </p>
    </div>
    <svg
      className="song_preview__StyledPreview-jGffxc jfDAQW"
      viewBox="0 0 100 100"
    />
  </div>
  <div
    className="sc-jqUVSM dSqIwS"
  >
    <div
      className="sc-kDDrLX dnbpUA"
    >
      <span
        className="icon__Span-juvQUO eGHwUv"
      >
        ‚úçÔ∏è
      </span>
    </div>
    <div
      className="sc-evZas gWqWBg"
    >
      <h4
        className="styles__H4-gfSgFZ sc-breuTD  JhHOh"
      >
        <b>
          Shawn
        </b>
         commented on 
        <b>
          's
        </b>
         song
      </h4>
      <p
        className="sc-ksZaOG cUCHNB"
      >
        That is all fine and good, but did you think about what would happen if you ended up with a really, really long comment in here?
      </p>
    </div>
    <svg
      className="song_preview__StyledPreview-jGffxc jfDAQW"
      viewBox="0 0 100 100"
    />
    <form
      className="sc-dkzDqf kgrqzD"
      onSubmit={[Function]}
    >
      <label
        className="sc-hKMtZM dMCDiZ"
        htmlFor="approve"
      >
        Approve Comment?
      </label>
      <input
        className="styles__Button-dxEaJz sc-eCYdqJ gOMLTl dcRZOa"
        id="approve"
        type="submit"
        value="Approve"
      />
    </form>
  </div>
  <div
    className="sc-jqUVSM dSqIwS"
  >
    <div
      className="sc-kDDrLX dnbpUA"
    >
      <span
        className="icon__Span-juvQUO eGHwUv"
      >
        ‚ù§Ô∏è
      </span>
    </div>
    <div
      className="sc-iqcoie jHA-dOB"
    >
      <p
        className="sc-crXcEl lliYwk"
      >
        <b>
          Janice
        </b>
         reacted to 
        <b>
          's
        </b>
         song
      </p>
    </div>
    <svg
      className="song_preview__StyledPreview-jGffxc jfDAQW"
      viewBox="0 0 100 100"
    />
  </div>
  <div
    className="sc-jqUVSM dSqIwS"
  >
    <div
      className="sc-kDDrLX dnbpUA"
    >
      <span
        className="icon__Span-juvQUO eGHwUv"
      >
        ‚úçÔ∏è
      </span>
    </div>
    <div
      className="sc-evZas gWqWBg"
    >
      <h4
        className="styles__H4-gfSgFZ sc-breuTD  JhHOh"
      >
        <b>
          Amir
        </b>
         commented on 
        <b>
          's
        </b>
         song
      </h4>
      <p
        className="sc-ksZaOG cUCHNB"
      >
        Good stuff my guy
      </p>
    </div>
    <svg
      className="song_preview__StyledPreview-jGffxc jfDAQW"
      viewBox="0 0 100 100"
    />
    <form
      className="sc-dkzDqf kgrqzD"
      onSubmit={[Function]}
    >
      <label
        className="sc-hKMtZM dMCDiZ"
        htmlFor="approve"
      >
        Approve Comment?
      </label>
      <input
        className="styles__Button-dxEaJz sc-eCYdqJ gOMLTl dcRZOa"
        id="approve"
        type="submit"
        value="Approve"
      />
    </form>
  </div>
</div>
`;
